// Jest Snapshot v1, https://goo.gl/fbAQLP

exports[`createTimeline Should create a timeline instance 1`] = `
Object {
  "a": [Function],
  "abbr": [Function],
  "address": [Function],
  "altGlyph": [Function],
  "altGlyphDef": [Function],
  "altGlyphItem": [Function],
  "animatables": Array [],
  "animate": [Function],
  "animateColor": [Function],
  "animateMotion": [Function],
  "animateTransform": [Function],
  "animation": [Function],
  "animations": Array [],
  "area": [Function],
  "article": [Function],
  "aside": [Function],
  "audio": [Function],
  "autoplay": false,
  "b": [Function],
  "base": [Function],
  "bdi": [Function],
  "bdo": [Function],
  "began": false,
  "blockquote": [Function],
  "body": [Function],
  "br": [Function],
  "button": [Function],
  "cancel": [Function],
  "canvas": [Function],
  "caption": [Function],
  "children": Array [],
  "circle": [Function],
  "cite": [Function],
  "clipPath": [Function],
  "code": [Function],
  "col": [Function],
  "colgroup": [Function],
  "color-profile": [Function],
  "completed": false,
  "currentTime": 0,
  "cursor": [Function],
  "data": [Function],
  "datalist": [Function],
  "dd": [Function],
  "defs": [Function],
  "del": [Function],
  "delay": 200,
  "desc": [Function],
  "details": [Function],
  "dfn": [Function],
  "dialog": [Function],
  "direction": "alternate",
  "discard": [Function],
  "div": [Function],
  "dl": [Function],
  "dt": [Function],
  "duration": 0,
  "ellipse": [Function],
  "em": [Function],
  "embed": [Function],
  "feBlend": [Function],
  "feColorMatrix": [Function],
  "feComponentTransfer": [Function],
  "feComposite": [Function],
  "feConvolveMatrix": [Function],
  "feDiffuseLighting": [Function],
  "feDisplacementMap": [Function],
  "feDistantLight": [Function],
  "feDropShadow": [Function],
  "feFlood": [Function],
  "feFuncA": [Function],
  "feFuncB": [Function],
  "feFuncG": [Function],
  "feFuncR": [Function],
  "feGaussianBlur": [Function],
  "feImage": [Function],
  "feMerge": [Function],
  "feMergeNode": [Function],
  "feMorphology": [Function],
  "feOffset": [Function],
  "fePointLight": [Function],
  "feSpecularLighting": [Function],
  "feSpotLight": [Function],
  "feTile": [Function],
  "feTurbulence": [Function],
  "fieldset": [Function],
  "figcaption": [Function],
  "figure": [Function],
  "filter": [Function],
  "finish": [Function],
  "font": [Function],
  "font-face": [Function],
  "font-face-format": [Function],
  "font-face-name": [Function],
  "font-face-src": [Function],
  "font-face-uri": [Function],
  "footer": [Function],
  "foreignObject": [Function],
  "form": [Function],
  "frameLoop": [Function],
  "g": [Function],
  "getAnimationProgress": [Function],
  "getAnimationProgressByElement": [Function],
  "getAnimationTime": [Function],
  "getAnimationTimeByElement": [Function],
  "getAnimations": [Function],
  "getComputedTiming": [Function],
  "getCurrentTime": [Function],
  "getCurrentTimeByElement": [Function],
  "glyph": [Function],
  "glyphRef": [Function],
  "h1": [Function],
  "h2": [Function],
  "h3": [Function],
  "h4": [Function],
  "h5": [Function],
  "h6": [Function],
  "handler": [Function],
  "hatch": [Function],
  "hatchpath": [Function],
  "head": [Function],
  "header": [Function],
  "hgroup": [Function],
  "hkern": [Function],
  "hr": [Function],
  "html": [Function],
  "i": [Function],
  "iframe": [Function],
  "image": [Function],
  "img": [Function],
  "input": [Function],
  "ins": [Function],
  "iterations": 1,
  "kbd": [Function],
  "keygen": [Function],
  "label": [Function],
  "legend": [Function],
  "li": [Function],
  "line": [Function],
  "linearGradient": [Function],
  "link": [Function],
  "listener": [Function],
  "main": [Function],
  "map": [Function],
  "mark": [Function],
  "marker": [Function],
  "mask": [Function],
  "math": [Function],
  "menu": [Function],
  "menuitem": [Function],
  "mesh": [Function],
  "meshgradient": [Function],
  "meshpatch": [Function],
  "meshrow": [Function],
  "meta": [Function],
  "metadata": [Function],
  "meter": [Function],
  "missing-glyph": [Function],
  "mpath": [Function],
  "nav": [Function],
  "noscript": [Function],
  "object": [Function],
  "offset": 0,
  "ol": [Function],
  "onComplete": [Function],
  "onStart": [Function],
  "onUpdate": [Function],
  "oncancel": [Function],
  "onfinish": Promise {},
  "optgroup": [Function],
  "option": [Function],
  "output": [Function],
  "p": [Function],
  "param": [Function],
  "path": [Function],
  "pattern": [Function],
  "paused": true,
  "picture": [Function],
  "polygon": [Function],
  "polyline": [Function],
  "pre": [Function],
  "prefetch": [Function],
  "progress": 0,
  "q": [Function],
  "radialGradient": [Function],
  "rb": [Function],
  "rect": [Function],
  "remaining": 2,
  "reset": [Function],
  "restart": [Function],
  "reverse": [Function],
  "reversed": false,
  "rp": [Function],
  "rt": [Function],
  "rtc": [Function],
  "ruby": [Function],
  "s": [Function],
  "samp": [Function],
  "script": [Function],
  "section": [Function],
  "seek": [Function],
  "select": [Function],
  "sequence": [Function],
  "set": [Function],
  "setSpeed": [Function],
  "slot": [Function],
  "small": [Function],
  "solidColor": [Function],
  "solidcolor": [Function],
  "source": [Function],
  "span": [Function],
  "speed": 1,
  "start": [Function],
  "stop": [Function],
  "strong": [Function],
  "style": [Function],
  "sub": [Function],
  "summary": [Function],
  "sup": [Function],
  "svg": [Function],
  "switch": [Function],
  "symbol": [Function],
  "table": [Function],
  "tbody": [Function],
  "tbreak": [Function],
  "td": [Function],
  "template": [Function],
  "text": [Function],
  "textArea": [Function],
  "textPath": [Function],
  "textarea": [Function],
  "tfoot": [Function],
  "th": [Function],
  "thead": [Function],
  "time": [Function],
  "title": [Function],
  "tr": [Function],
  "track": [Function],
  "tref": [Function],
  "tspan": [Function],
  "u": [Function],
  "ul": [Function],
  "unknown": [Function],
  "use": [Function],
  "var": [Function],
  "video": [Function],
  "view": [Function],
  "vkern": [Function],
  "wbr": [Function],
}
`;
