// Jest Snapshot v1, https://goo.gl/fbAQLP

exports[`Timeline Should create a timeline instance 1`] = `
Object {
  "animatables": Array [],
  "animate": [Function],
  "animations": Array [],
  "autoplay": false,
  "began": false,
  "children": Array [],
  "completed": false,
  "currentTime": 0,
  "delay": 200,
  "direction": "alternate",
  "duration": 0,
  "finish": [Function],
  "frameLoop": [Function],
  "getAnimationProgress": [Function],
  "getAnimationProgressByElement": [Function],
  "getAnimationTime": [Function],
  "getAnimationTimeByElement": [Function],
  "getAnimations": [Function],
  "getComputedTiming": [Function],
  "getCurrentTime": [Function],
  "getCurrentTimeByElement": [Function],
  "iterations": 1,
  "offset": 0,
  "onComplete": [Function],
  "onStart": [Function],
  "onUpdate": [Function],
  "oncancel": [Function],
  "onfinish": Promise {},
  "paused": true,
  "progress": 0,
  "remaining": 2,
  "reset": [Function],
  "restart": [Function],
  "reverse": [Function],
  "reversed": false,
  "seek": [Function],
  "setSpeed": [Function],
  "speed": 1,
  "start": [Function],
  "stop": [Function],
}
`;
